// Jest Snapshot v1, https://goo.gl/fbAQLP

exports[`App here is a correct snapshot 1`] = `
<div
  className="page"
>
  <div
    className="interactions"
  >
    <form
      className="form"
      onSubmit={[Function]}
    >
       Поиск
       
      <input
        className="form__search"
        onChange={[Function]}
        type="text"
        value="redux"
      />
      <button
        type="submit"
      >
         Поиск
      </button>
    </form>
  </div>
  <div
    className="table"
  >
    <div
      className="table-header"
    >
      <span
        className="large-column"
      >
        <button
          className="button-inline"
          onClick={[Function]}
          type="button"
        >
          Title
        </button>
      </span>
      <span
        className="middle-column"
      >
        <button
          className="button-inline button-active"
          onClick={[Function]}
          type="button"
        >
          Author
        </button>
      </span>
      <span
        className="small-column"
      >
        <button
          className="button-inline"
          onClick={[Function]}
          type="button"
        >
          Comments
        </button>
      </span>
      <span
        className="small-column"
      >
        <button
          className="button-inline"
          onClick={[Function]}
          type="button"
        >
          Points
        </button>
      </span>
    </div>
  </div>
  <div
    className="interactions"
  >
    <div>
      Loading ...
    </div>
  </div>
</div>
`;
